// Jest Snapshot v1, https://goo.gl/fbAQLP

exports[`spire-config-default/doctoc adds markdown linter 1`] = `
"<!-- START doctoc generated TOC please keep comment here to allow auto update -->
<!-- DON'T EDIT THIS SECTION, INSTEAD RE-RUN doctoc TO UPDATE -->


- [First](#first)
  - [Second](#second)
    - [Third](#third)

<!-- END doctoc generated TOC please keep comment here to allow auto update -->


# First
## Second
### Third
      "
`;
